
> mythforge-web@0.1.0 build
> next build

▲ Next.js 16.1.6 (Turbopack)
- Environments: .env.local

  Creating an optimized production build ...
✓ Compiled successfully in 1349.8ms
  Running TypeScript ...
Failed to compile.

./src/components/navigation/CommandPalette.tsx:116:24
Type error: Argument of type '{ id: string; name: string; createdAt: Date; }' is not assignable to parameter of type 'Project'.
  Type '{ id: string; name: string; createdAt: Date; }' is missing the following properties from type 'Project': writingMode, coverColor

[0m [90m 114 |[39m             [36mconst[39m newProjectId [33m=[39m crypto[33m.[39mrandomUUID()[33m;[39m
 [90m 115 |[39m             [36mconst[39m newDocId [33m=[39m crypto[33m.[39mrandomUUID()[33m;[39m
[31m[1m>[22m[39m[90m 116 |[39m             addProject({
 [90m     |[39m                        [31m[1m^[22m[39m
 [90m 117 |[39m                 id[33m:[39m newProjectId[33m,[39m
 [90m 118 |[39m                 name[33m:[39m trimmed[33m,[39m
 [90m 119 |[39m                 createdAt[33m:[39m [36mnew[39m [33mDate[39m()[33m,[39m[0m
Next.js build worker exited with code: 1 and signal: null
